fromList [("%struct.S",fromList ["ptr"]),("@f",fromList ["%s"]),("@g",fromList ["%arr","%s"])]
